// Jest Snapshot v1, https://goo.gl/fbAQLP

exports[`Hand renders correctly 1`] = `
<DocumentFragment>
  <div
    class="sc-AxjAm bVDfZd"
  >
    <img
      alt="paper"
      class="sc-AxirZ dtQZHs"
      src="icon-paper.svg"
    />
  </div>
</DocumentFragment>
`;
